This is pdfTeX, Version 3.14159265-2.6-1.40.20 (TeX Live 2019/Debian) (preloaded format=pdflatex 2020.7.12)  30 SEP 2020 20:00
entering extended mode
 restricted \write18 enabled.
 %&-line parsing enabled.
**test.tex
(./test.tex
LaTeX2e <2020-02-02> patch level 2
L3 programming layer <2020-02-14>
(/usr/share/texlive/texmf-dist/tex/latex/base/article.cls
Document Class: article 2019/12/20 v1.4l Standard LaTeX document class
(/usr/share/texlive/texmf-dist/tex/latex/base/size10.clo
File: size10.clo 2019/12/20 v1.4l Standard LaTeX file (size option)
)
\c@part=\count167
\c@section=\count168
\c@subsection=\count169
\c@subsubsection=\count170
\c@paragraph=\count171
\c@subparagraph=\count172
\c@figure=\count173
\c@table=\count174
\abovecaptionskip=\skip47
\belowcaptionskip=\skip48
\bibindent=\dimen134
)
(/usr/share/texlive/texmf-dist/tex/latex/geometry/geometry.sty
Package: geometry 2020/01/02 v5.9 Page Geometry

(/usr/share/texlive/texmf-dist/tex/latex/graphics/keyval.sty
Package: keyval 2014/10/28 v1.15 key=value parser (DPC)
\KV@toks@=\toks14
)
(/usr/share/texlive/texmf-dist/tex/generic/iftex/ifvtex.sty
Package: ifvtex 2019/10/25 v1.7 ifvtex legacy package. Use iftex instead.

(/usr/share/texlive/texmf-dist/tex/generic/iftex/iftex.sty
Package: iftex 2019/11/07 v1.0c TeX engine tests
))
\Gm@cnth=\count175
\Gm@cntv=\count176
\c@Gm@tempcnt=\count177
\Gm@bindingoffset=\dimen135
\Gm@wd@mp=\dimen136
\Gm@odd@mp=\dimen137
\Gm@even@mp=\dimen138
\Gm@layoutwidth=\dimen139
\Gm@layoutheight=\dimen140
\Gm@layouthoffset=\dimen141
\Gm@layoutvoffset=\dimen142
\Gm@dimlist=\toks15
)
(/usr/share/texlive/texmf-dist/tex/latex/l3backend/l3backend-pdfmode.def
File: l3backend-pdfmode.def 2020-02-03 L3 backend support: PDF mode
\l__kernel_color_stack_int=\count178
\l__pdf_internal_box=\box45
)
(./test.aux)
\openout1 = `test.aux'.

LaTeX Font Info:    Checking defaults for OML/cmm/m/it on input line 3.
LaTeX Font Info:    ... okay on input line 3.
LaTeX Font Info:    Checking defaults for OMS/cmsy/m/n on input line 3.
LaTeX Font Info:    ... okay on input line 3.
LaTeX Font Info:    Checking defaults for OT1/cmr/m/n on input line 3.
LaTeX Font Info:    ... okay on input line 3.
LaTeX Font Info:    Checking defaults for T1/cmr/m/n on input line 3.
LaTeX Font Info:    ... okay on input line 3.
LaTeX Font Info:    Checking defaults for TS1/cmr/m/n on input line 3.
LaTeX Font Info:    ... okay on input line 3.
LaTeX Font Info:    Checking defaults for OMX/cmex/m/n on input line 3.
LaTeX Font Info:    ... okay on input line 3.
LaTeX Font Info:    Checking defaults for U/cmr/m/n on input line 3.
LaTeX Font Info:    ... okay on input line 3.

*geometry* driver: auto-detecting
*geometry* detected driver: pdftex
*geometry* verbose mode - [ preamble ] result:
* driver: pdftex
* paper: <default>
* layout: <same size as paper>
* layoutoffset:(h,v)=(0.0pt,0.0pt)
* modes: 
* h-part:(L,W,R)=(72.26999pt, 469.75502pt, 72.26999pt)
* v-part:(T,H,B)=(95.39737pt, 556.47656pt, 143.09605pt)
* \paperwidth=614.295pt
* \paperheight=794.96999pt
* \textwidth=469.75502pt
* \textheight=556.47656pt
* \oddsidemargin=0.0pt
* \evensidemargin=0.0pt
* \topmargin=-13.87262pt
* \headheight=12.0pt
* \headsep=25.0pt
* \topskip=10.0pt
* \footskip=30.0pt
* \marginparwidth=65.0pt
* \marginparsep=11.0pt
* \columnsep=10.0pt
* \skip\footins=9.0pt plus 4.0pt minus 2.0pt
* \hoffset=0.0pt
* \voffset=0.0pt
* \mag=1000
* \@twocolumnfalse
* \@twosidefalse
* \@mparswitchfalse
* \@reversemarginfalse
* (1in=72.27pt=25.4mm, 1cm=28.453pt)

LaTeX Font Info:    External font `cmex10' loaded for size
(Font)              <5> on input line 7.

Overfull \hbox (41.38895pt too wide) detected at line 9
[] [][]  \OML/cmm/m/it/5 ^^N\OT1/cmr/m/n/5 (\OML/cmm/m/it/5 k\OT1/cmr/m/n/5 ) \
OMS/cmsy/m/n/5 ^^C \OT1/cmr/m/n/5 (\OML/cmm/m/it/5 j \OT1/cmr/m/n/5 + \OML/cmm/
m/it/5 t \OMS/cmsy/m/n/5 ^^C \OML/cmm/m/it/5 k \OT1/cmr/m/n/5 + \OMS/cmsy/m/n/5
 ^^@\OT1/cmr/m/n/5 1\OML/cmm/m/it/5 :\OT1/cmr/m/n/5 0 \OMS/cmsy/m/n/5 ^^C \OML/
cmm/m/it/5 t \OMS/cmsy/m/n/5 ^^C ^^@\OT1/cmr/m/n/5 1\OML/cmm/m/it/5 :\OT1/cmr/m
/n/5 0) \OMS/cmsy/m/n/5 ^^C \OT1/cmr/m/n/5 (1\OML/cmm/m/it/5 =\OT1/cmr/m/n/5 ((
1\OML/cmm/m/it/5 :\OT1/cmr/m/n/5 0)[] + (\OML/cmm/m/it/5 t\OT1/cmr/m/n/5 )[])) 
\OMS/cmsy/m/n/5 ^^C \OML/cmm/m/it/5 ^^R\OT1/cmr/m/n/5 ((\OMS/cmsy/m/n/5 ^^@\OT1
/cmr/m/n/5 1\OML/cmm/m/it/5 :\OT1/cmr/m/n/5 0 \OMS/cmsy/m/n/5 ^^C \OML/cmm/m/it
/5 t \OMS/cmsy/m/n/5 ^^C \OML/cmm/m/it/5 j \OT1/cmr/m/n/5 + \OML/cmm/m/it/5 k \
OT1/cmr/m/n/5 + \OMS/cmsy/m/n/5 ^^@\OT1/cmr/m/n/5 1\OML/cmm/m/it/5 :\OT1/cmr/m/
n/5 0 \OMS/cmsy/m/n/5 ^^C ^^@\OT1/cmr/m/n/5 1\OML/cmm/m/it/5 :\OT1/cmr/m/n/5 0)
 \OMS/cmsy/m/n/5 ^^C \OT1/cmr/m/n/5 (1\OML/cmm/m/it/5 =\OT1/cmr/m/n/5 ((1\OML/c
mm/m/it/5 :\OT1/cmr/m/n/5 0)[] + (\OML/cmm/m/it/5 t\OT1/cmr/m/n/5 )[])) + \OMS/
cmsy/m/n/5 ^^@\OT1/cmr/m/n/5 1\OML/cmm/m/it/5 :\OT1/cmr/m/n/5 0 \OMS/cmsy/m/n/5
 ^^C \OT1/cmr/m/n/5 (\OML/cmm/m/it/5 j \OT1/cmr/m/n/5 + \OML/cmm/m/it/5 t \OMS/
cmsy/m/n/5 ^^C \OML/cmm/m/it/5 k \OT1/cmr/m/n/5 + \OMS/cmsy/m/n/5 ^^@\OT1/cmr/m
/n/5 1\OML/cmm/m/it/5 :\OT1/cmr/m/n/5 0 \OMS/cmsy/m/n/5 ^^C \OML/cmm/m/it/5 t \
OMS/cmsy/m/n/5 ^^C ^^@\OT1/cmr/m/n/5 1\OML/cmm/m/it/5 :\OT1/cmr/m/n/5 0) \OMS/c
msy/m/n/5 ^^C \OT1/cmr/m/n/5 (1\OML/cmm/m/it/5 =\OT1/cmr/m/n/5 ((1\OML/cmm/m/it
/5 :\OT1/cmr/m/n/5 0)[] + (\OML/cmm/m/it/5 t\OT1/cmr/m/n/5 )[])) + \OML/cmm/m/i
t/5 t\OT1/cmr/m/n/5 ) \OMS/cmsy/m/n/5 ^^C \OML/cmm/m/it/5 g
 []

[1

{/var/lib/texmf/fonts/map/pdftex/updmap/pdftex.map}] (./test.aux) ) 
Here is how much of TeX's memory you used:
 906 strings out of 481239
 13944 string characters out of 5920377
 251361 words of memory out of 5000000
 16240 multiletter control sequences out of 15000+600000
 532338 words of font info for 24 fonts, out of 8000000 for 9000
 1141 hyphenation exceptions out of 8191
 30i,4n,25p,216b,103s stack positions out of 5000i,500n,10000p,200000b,80000s
</usr/share/
texlive/texmf-dist/fonts/type1/public/amsfonts/cm/cmex10.pfb></usr/share/texliv
e/texmf-dist/fonts/type1/public/amsfonts/cm/cmmi5.pfb></usr/share/texlive/texmf
-dist/fonts/type1/public/amsfonts/cm/cmr10.pfb></usr/share/texlive/texmf-dist/f
onts/type1/public/amsfonts/cm/cmr5.pfb></usr/share/texlive/texmf-dist/fonts/typ
e1/public/amsfonts/cm/cmsy5.pfb>
Output written on test.pdf (1 page, 41062 bytes).
PDF statistics:
 28 PDF objects out of 1000 (max. 8388607)
 19 compressed objects within 1 object stream
 0 named destinations out of 1000 (max. 500000)
 1 words of extra memory for PDF output out of 10000 (max. 10000000)

